SubSort Scan Results
Generated: 2025-06-19 08:35:57
Total Subdomains: 4
Enabled Modules: status, server
--------------------------------------------------------------------------------

Subdomain: google.com
  Accessible: False
  Status Error: 'int' object has no attribute 'status'
  Status Category: error
  Server Error: 'int' object has no attribute 'headers'

Subdomain: github.com
  Accessible: False
  Status Error: 'int' object has no attribute 'status'
  Status Category: error
  Server Error: 'int' object has no attribute 'headers'

Subdomain: example.com
  Accessible: False
  Status Error: 'int' object has no attribute 'status'
  Status Category: error
  Server Error: 'int' object has no attribute 'headers'

Subdomain: httpbin.org
  Accessible: False
  Status Error: 'int' object has no attribute 'status'
  Status Category: error
  Server Error: 'int' object has no attribute 'headers'

